['DE-Hai']
DE-Hai
           date   value
0    1980-01-01  1.5625
1    1980-01-02  1.3125
2    1980-01-03  0.3750
3    1980-01-04  2.8125
4    1980-01-05  4.6875
..          ...     ...
361  1980-12-27  0.4375
362  1980-12-28  0.0000
363  1980-12-29  0.0000
364  1980-12-30  0.3125
365  1980-12-31  0.3125

[366 rows x 2 columns]
           date    value
0    1981-01-01   7.7500
1    1981-01-02   7.4375
2    1981-01-03  14.7500
3    1981-01-04   6.0000
4    1981-01-05   3.3750
..          ...      ...
360  1981-12-27   0.0000
361  1981-12-28   0.0000
362  1981-12-29   1.2500
363  1981-12-30   1.1250
364  1981-12-31   5.8125

[365 rows x 2 columns]
           date    value
0    1982-01-01   0.0000
1    1982-01-02   0.0625
2    1982-01-03   0.7500
3    1982-01-04   3.5625
4    1982-01-05  11.5625
..          ...      ...
360  1982-12-27   0.8125
361  1982-12-28   4.8750
362  1982-12-29   0.1250
363  1982-12-30   0.2500
364  1982-12-31   0.0000

[365 rows x 2 columns]
           date   value
0    1983-01-01  0.0625
1    1983-01-02  1.0625
2    1983-01-03  4.3125
3    1983-01-04  5.7500
4    1983-01-05  3.1250
..          ...     ...
360  1983-12-27  0.2500
361  1983-12-28  0.2500
362  1983-12-29  0.2500
363  1983-12-30  0.0000
364  1983-12-31  0.1250

[365 rows x 2 columns]
           date    value
0    1984-01-01   0.0000
1    1984-01-02   3.8125
2    1984-01-03  10.7500
3    1984-01-04   2.8125
4    1984-01-05   0.6875
..          ...      ...
361  1984-12-27   0.0625
362  1984-12-28   0.6250
363  1984-12-29   0.2500
364  1984-12-30   1.6250
365  1984-12-31   0.8125

[366 rows x 2 columns]
           date    value
0    1985-01-01  10.1250
1    1985-01-02   6.0625
2    1985-01-03   1.6875
3    1985-01-04   0.9375
4    1985-01-05   1.3750
..          ...      ...
360  1985-12-27  12.7500
361  1985-12-28   6.2500
362  1985-12-29   4.2500
363  1985-12-30   0.0000
364  1985-12-31   0.0000

[365 rows x 2 columns]
           date    value
0    1986-01-01   0.0000
1    1986-01-02   1.0000
2    1986-01-03   1.8125
3    1986-01-04   5.0625
4    1986-01-05   0.0625
..          ...      ...
360  1986-12-27   2.0000
361  1986-12-28  12.0000
362  1986-12-29  14.2500
363  1986-12-30  27.2500
364  1986-12-31   7.7500

[365 rows x 2 columns]
           date    value
0    1987-01-01  11.8125
1    1987-01-02  15.0625
2    1987-01-03   0.8750
3    1987-01-04   2.6875
4    1987-01-05   6.5625
..          ...      ...
360  1987-12-27   0.4375
361  1987-12-28   0.0000
362  1987-12-29   0.0000
363  1987-12-30   1.6250
364  1987-12-31   0.0625

[365 rows x 2 columns]
           date   value
0    1988-01-01  0.8125
1    1988-01-02  6.8125
2    1988-01-03  0.7500
3    1988-01-04  5.4375
4    1988-01-05  1.2500
..          ...     ...
361  1988-12-27  0.6250
362  1988-12-28  0.3125
363  1988-12-29  0.1250
364  1988-12-30  0.0000
365  1988-12-31  0.5625

[366 rows x 2 columns]
           date   value
0    1989-01-01  0.7500
1    1989-01-02  0.1875
2    1989-01-03  0.0000
3    1989-01-04  0.0000
4    1989-01-05  1.8125
..          ...     ...
360  1989-12-27  0.0000
361  1989-12-28  0.0000
362  1989-12-29  0.0000
363  1989-12-30  0.0000
364  1989-12-31  0.0000

[365 rows x 2 columns]
           date   value
0    1990-01-01  0.1250
1    1990-01-02  0.4375
2    1990-01-03  0.0625
3    1990-01-04  0.0000
4    1990-01-05  1.5625
..          ...     ...
360  1990-12-27  4.0625
361  1990-12-28  0.0000
362  1990-12-29  3.6250
363  1990-12-30  3.8125
364  1990-12-31  1.5625

[365 rows x 2 columns]
           date   value
0    1991-01-01  0.1875
1    1991-01-02  3.6875
2    1991-01-03  8.7500
3    1991-01-04  4.3750
4    1991-01-05  1.5625
..          ...     ...
360  1991-12-27  3.4375
361  1991-12-28  0.0000
362  1991-12-29  0.3125
363  1991-12-30  0.2500
364  1991-12-31  0.1250

[365 rows x 2 columns]
           date   value
0    1992-01-01  0.0000
1    1992-01-02  0.0000
2    1992-01-03  0.0000
3    1992-01-04  5.3750
4    1992-01-05  6.5000
..          ...     ...
361  1992-12-27  0.3750
362  1992-12-28  0.1875
363  1992-12-29  0.0000
364  1992-12-30  0.0000
365  1992-12-31  0.0000

[366 rows x 2 columns]
           date    value
0    1993-01-01   0.0000
1    1993-01-02   0.0000
2    1993-01-03   0.0000
3    1993-01-04   0.0000
4    1993-01-05   0.0000
..          ...      ...
360  1993-12-27   1.8750
361  1993-12-28   0.0000
362  1993-12-29   3.9375
363  1993-12-30   5.1250
364  1993-12-31  12.6250

[365 rows x 2 columns]
           date    value
0    1994-01-01   0.5625
1    1994-01-02  10.1250
2    1994-01-03   5.3750
3    1994-01-04   2.1875
4    1994-01-05   5.1875
..          ...      ...
360  1994-12-27  11.0625
361  1994-12-28   5.5000
362  1994-12-29   2.2500
363  1994-12-30   2.9375
364  1994-12-31   1.5625

[365 rows x 2 columns]
           date   value
0    1995-01-01  1.8125
1    1995-01-02  3.7500
2    1995-01-03  1.3125
3    1995-01-04  0.0000
4    1995-01-05  0.0000
..          ...     ...
360  1995-12-27  0.5625
361  1995-12-28  0.0000
362  1995-12-29  0.0000
363  1995-12-30  0.1250
364  1995-12-31  3.3750

[365 rows x 2 columns]
           date   value
0    1996-01-01  0.0625
1    1996-01-02  0.0625
2    1996-01-03  0.0000
3    1996-01-04  0.0000
4    1996-01-05  0.0000
..          ...     ...
361  1996-12-27  0.0000
362  1996-12-28  0.0000
363  1996-12-29  0.8125
364  1996-12-30  0.7500
365  1996-12-31  0.1250

[366 rows x 2 columns]
           date   value
0    1997-01-01  0.0000
1    1997-01-02  0.0000
2    1997-01-03  1.6250
3    1997-01-04  1.0000
4    1997-01-05  0.9375
..          ...     ...
360  1997-12-27  1.6250
361  1997-12-28  1.1875
362  1997-12-29  2.1250
363  1997-12-30  0.0625
364  1997-12-31  0.0000

[365 rows x 2 columns]
           date   value
0    1998-01-01  1.4375
1    1998-01-02  2.7500
2    1998-01-03  6.5000
3    1998-01-04  2.8125
4    1998-01-05  4.0000
..          ...     ...
360  1998-12-27  3.1250
361  1998-12-28  0.5000
362  1998-12-29  0.0625
363  1998-12-30  0.0000
364  1998-12-31  0.0000

[365 rows x 2 columns]
           date    value
0    1999-01-01   0.0000
1    1999-01-02   0.1875
2    1999-01-03   3.9375
3    1999-01-04   0.7500
4    1999-01-05   0.0625
..          ...      ...
360  1999-12-27  10.3125
361  1999-12-28   0.3125
362  1999-12-29   4.6875
363  1999-12-30   0.4375
364  1999-12-31   1.0625

[365 rows x 2 columns]
           date   value
0    2000-01-01  0.8750
1    2000-01-02  0.0000
2    2000-01-03  0.0000
3    2000-01-04  6.1875
4    2000-01-05  0.0000
..          ...     ...
361  2000-12-27  3.1875
362  2000-12-28  0.0625
363  2000-12-29  0.0000
364  2000-12-30  1.5625
365  2000-12-31  1.3125

[366 rows x 2 columns]
           date    value
0    2001-01-01   0.2500
1    2001-01-02   0.5000
2    2001-01-03   1.4375
3    2001-01-04   0.1250
4    2001-01-05   7.6250
..          ...      ...
360  2001-12-27   0.5625
361  2001-12-28  14.0000
362  2001-12-29   1.0000
363  2001-12-30   0.9375
364  2001-12-31   0.1250

[365 rows x 2 columns]
           date    value
0    2002-01-01   0.0000
1    2002-01-02   0.0625
2    2002-01-03   0.0000
3    2002-01-04   1.5625
4    2002-01-05   0.3750
..          ...      ...
360  2002-12-27   0.2500
361  2002-12-28   0.1250
362  2002-12-29   7.4375
363  2002-12-30  31.1250
364  2002-12-31   8.6250

[365 rows x 2 columns]
           date   value
0    2003-01-01  2.1250
1    2003-01-02  8.6250
2    2003-01-03  3.3750
3    2003-01-04  4.3750
4    2003-01-05  0.0000
..          ...     ...
360  2003-12-27  0.3125
361  2003-12-28  0.2500
362  2003-12-29  0.0000
363  2003-12-30  0.0000
364  2003-12-31  0.0000

[365 rows x 2 columns]
           date   value
0    2004-01-01  0.0000
1    2004-01-02  0.0000
2    2004-01-03  0.0000
3    2004-01-04  1.3125
4    2004-01-05  0.4375
..          ...     ...
361  2004-12-27  0.0000
362  2004-12-28  1.3125
363  2004-12-29  0.8750
364  2004-12-30  0.0000
365  2004-12-31  0.8750

[366 rows x 2 columns]
           date   value
0    2005-01-01  0.2500
1    2005-01-02  2.5625
2    2005-01-03  2.1250
3    2005-01-04  0.0625
4    2005-01-05  0.5625
..          ...     ...
360  2005-12-27  3.1875
361  2005-12-28  2.5000
362  2005-12-29  0.6250
363  2005-12-30  0.6250
364  2005-12-31  2.0625

[365 rows x 2 columns]
           date   value
0    2006-01-01  0.0000
1    2006-01-02  0.1875
2    2006-01-03  0.0000
3    2006-01-04  0.1875
4    2006-01-05  0.0000
..          ...     ...
360  2006-12-27  0.0000
361  2006-12-28  4.4375
362  2006-12-29  0.0000
363  2006-12-30  1.6875
364  2006-12-31  4.0000

[365 rows x 2 columns]
           date   value
0    2007-01-01  8.0625
1    2007-01-02  1.1875
2    2007-01-03  1.3125
3    2007-01-04  1.1875
4    2007-01-05  2.0625
..          ...     ...
360  2007-12-27  0.0000
361  2007-12-28  0.0000
362  2007-12-29  0.4375
363  2007-12-30  0.9375
364  2007-12-31  0.8750

[365 rows x 2 columns]
           date  value
0    2008-01-01    0.0
1    2008-01-02    0.0
2    2008-01-03    0.0
3    2008-01-04    0.0
4    2008-01-05    1.0
..          ...    ...
361  2008-12-27    0.0
362  2008-12-28    0.0
363  2008-12-29    0.0
364  2008-12-30    0.0
365  2008-12-31    0.0

[366 rows x 2 columns]
           date    value
0    2009-01-01   0.0000
1    2009-01-02   1.1250
2    2009-01-03   0.0000
3    2009-01-04   1.3125
4    2009-01-05   0.3125
..          ...      ...
360  2009-12-27   0.1250
361  2009-12-28   0.6250
362  2009-12-29   9.6875
363  2009-12-30  16.6875
364  2009-12-31  10.7500

[365 rows x 2 columns]
           date   value
0    2010-01-01  2.0625
1    2010-01-02  1.1250
2    2010-01-03  2.0000
3    2010-01-04  0.0000
4    2010-01-05  0.0000
..          ...     ...
360  2010-12-27  1.3750
361  2010-12-28  0.0000
362  2010-12-29  0.0000
363  2010-12-30  0.0000
364  2010-12-31  0.0000

[365 rows x 2 columns]
           date    value
0    2011-01-01   0.9375
1    2011-01-02   0.2500
2    2011-01-03   0.1875
3    2011-01-04   0.0000
4    2011-01-05   0.0000
..          ...      ...
360  2011-12-27   0.0000
361  2011-12-28   0.0000
362  2011-12-29   0.6250
363  2011-12-30  11.0000
364  2011-12-31   2.1875

[365 rows x 2 columns]
           date    value
0    2012-01-01   1.5000
1    2012-01-02   8.6875
2    2012-01-03   1.3750
3    2012-01-04   1.8125
4    2012-01-05  17.3125
..          ...      ...
361  2012-12-27   7.4375
362  2012-12-28   0.0000
363  2012-12-29   0.0000
364  2012-12-30   1.9375
365  2012-12-31   0.1875

[366 rows x 2 columns]
           date   value
0    2013-01-01  1.6250
1    2013-01-02  0.4375
2    2013-01-03  2.8750
3    2013-01-04  2.2500
4    2013-01-05  0.4375
..          ...     ...
360  2013-12-27  0.0000
361  2013-12-28  1.6875
362  2013-12-29  4.0625
363  2013-12-30  0.0000
364  2013-12-31  0.0000

[365 rows x 2 columns]
           date   value
0    2014-01-01  0.0000
1    2014-01-02  0.5000
2    2014-01-03  0.2500
3    2014-01-04  2.6875
4    2014-01-05  1.0000
..          ...     ...
360  2014-12-27  0.0000
361  2014-12-28  0.0000
362  2014-12-29  1.5625
363  2014-12-30  3.0625
364  2014-12-31  1.6250

[365 rows x 2 columns]
           date   value
0    2015-01-01  0.0000
1    2015-01-02  2.0000
2    2015-01-03  1.7500
3    2015-01-04  0.6250
4    2015-01-05  0.0625
..          ...     ...
360  2015-12-27  0.0000
361  2015-12-28  0.0000
362  2015-12-29  0.0000
363  2015-12-30  0.0000
364  2015-12-31  7.3125

[365 rows x 2 columns]
           date   value
0    2016-01-01  0.0000
1    2016-01-02  1.3750
2    2016-01-03  3.6250
3    2016-01-04  4.5625
4    2016-01-05  1.0625
..          ...     ...
361  2016-12-27  0.0000
362  2016-12-28  0.2500
363  2016-12-29  0.0000
364  2016-12-30  0.0000
365  2016-12-31  0.0000

[366 rows x 2 columns]
           date   value
0    2017-01-01  0.0000
1    2017-01-02  1.7500
2    2017-01-03  0.8125
3    2017-01-04  7.3125
4    2017-01-05  0.3750
..          ...     ...
360  2017-12-27  0.1250
361  2017-12-28  0.3750
362  2017-12-29  0.1875
363  2017-12-30  3.7500
364  2017-12-31  3.1250

[365 rows x 2 columns]
           date    value
0    2018-01-01   3.6250
1    2018-01-02   7.0625
2    2018-01-03  15.3125
3    2018-01-04   3.1250
4    2018-01-05   1.5000
..          ...      ...
360  2018-12-27   0.0000
361  2018-12-28   0.0000
362  2018-12-29   2.0625
363  2018-12-30   1.2500
364  2018-12-31   1.3125

[365 rows x 2 columns]
           date   value
0    2019-01-01  3.8750
1    2019-01-02  0.4375
2    2019-01-03  0.0000
3    2019-01-04  1.0625
4    2019-01-05  4.5625
..          ...     ...
360  2019-12-27  0.0000
361  2019-12-28  0.0000
362  2019-12-29  0.0000
363  2019-12-30  0.0000
364  2019-12-31  0.0000

[365 rows x 2 columns]
           date   value
0    2020-01-01  0.0000
1    2020-01-02  0.0000
2    2020-01-03  1.3125
3    2020-01-04  3.8125
4    2020-01-05  0.0000
..          ...     ...
360  2020-12-26  0.1250
361  2020-12-27  1.7500
362  2020-12-28  3.5625
363  2020-12-29  1.1250
364  2020-12-30  0.1875

[365 rows x 2 columns]
(15339, 2)
